bash: line 1: gradlew: command not found
